LexToken(LET,'let',1,0)
LexToken(CHARACTER,'f',1,8)
LexToken(EQ,':=',1,10)
LexToken(MAP,'map',1,13)
LexToken(CHARACTER,'n',1,17)
LexToken(COMMA,',',1,18)
LexToken(CHARACTER,'m',1,19)
LexToken(COMMA,',',1,20)
LexToken(CHARACTER,'k',1,21)
LexToken(TO,'to',1,23)
LexToken(IF,'if',1,26)
LexToken(OPEN_PAREN,'(',1,29)
LexToken(CHARACTER,'n',1,30)
LexToken(OPERATOR,'<=',1,32)
LexToken(DIGIT,'0',1,35)
LexToken(OPERATOR,'&',1,37)
LexToken(CHARACTER,'n',1,39)
LexToken(OPERATOR,'>=',1,41)
LexToken(DIGIT,'0',1,44)
LexToken(CLOSE_PAREN,')',1,45)
LexToken(OPERATOR,'|',1,65)
LexToken(OPEN_PAREN,'(',1,67)
LexToken(CHARACTER,'n',1,68)
LexToken(OPERATOR,'<',1,70)
LexToken(DIGIT,'0',1,72)
LexToken(OPERATOR,'&',1,74)
LexToken(CHARACTER,'n',1,76)
LexToken(OPERATOR,'>',1,78)
LexToken(DIGIT,'0',1,80)
LexToken(OPERATOR,'&',1,82)
LexToken(CHARACTER,'n',1,84)
LexToken(OPERATOR,'!=',1,86)
LexToken(DIGIT,'0',1,89)
LexToken(CLOSE_PAREN,')',1,90)
LexToken(THEN,'then',1,92)
LexToken(NUMBER_Q,'number?',1,97)
LexToken(ELSE,'else',1,148)
LexToken(CHARACTER,'m',1,153)
LexToken(OPERATOR,'/',1,155)
LexToken(CHARACTER,'f',1,157)
LexToken(OPEN_PAREN,'(',1,158)
LexToken(CHARACTER,'k',1,159)
LexToken(PLUS,'+',1,161)
LexToken(DIGIT,'1',1,163)
LexToken(CLOSE_PAREN,')',1,164)
LexToken(SEMI_COLON,';',1,165)
